1775611593.358524 client started (10444): version 2.8, socket /private/tmp/tmux-501/default, protocol 8
1775611593.358624 on Darwin 21.2.0 Darwin Kernel Version 21.2.0: Sun Nov 28 20:28:54 PST 2021; root:xnu-8019.61.5~1/RELEASE_X86_64; libevent 2.1.8-stable (select)
1775611593.358660 socket is /private/tmp/tmux-501/default
1775611593.358676 trying connect
1775611593.358752 add peer 0x7fa1ac831000: 6 (0x0)
1775611593.360371 sending message 100 to peer 0x7fa1ac831000 (4 bytes)
1775611593.360394 sending message 101 to peer 0x7fa1ac831000 (15 bytes)
1775611593.360404 sending message 102 to peer 0x7fa1ac831000 (13 bytes)
1775611593.360413 sending message 108 to peer 0x7fa1ac831000 (31 bytes)
1775611593.360422 sending message 104 to peer 0x7fa1ac831000 (0 bytes)
1775611593.360430 sending message 107 to peer 0x7fa1ac831000 (4 bytes)
1775611593.360438 sending message 105 to peer 0x7fa1ac831000 (60 bytes)
1775611593.360447 sending message 105 to peer 0x7fa1ac831000 (66 bytes)
1775611593.360454 sending message 105 to peer 0x7fa1ac831000 (27 bytes)
1775611593.360462 sending message 105 to peer 0x7fa1ac831000 (15 bytes)
1775611593.360470 sending message 105 to peer 0x7fa1ac831000 (18 bytes)
1775611593.360478 sending message 105 to peer 0x7fa1ac831000 (14 bytes)
1775611593.360486 sending message 105 to peer 0x7fa1ac831000 (17 bytes)
1775611593.360494 sending message 105 to peer 0x7fa1ac831000 (35 bytes)
1775611593.360502 sending message 105 to peer 0x7fa1ac831000 (25 bytes)
1775611593.360510 sending message 105 to peer 0x7fa1ac831000 (43 bytes)
1775611593.360518 sending message 105 to peer 0x7fa1ac831000 (24 bytes)
1775611593.360526 sending message 105 to peer 0x7fa1ac831000 (28 bytes)
1775611593.360534 sending message 105 to peer 0x7fa1ac831000 (23 bytes)
1775611593.360542 sending message 105 to peer 0x7fa1ac831000 (384 bytes)
1775611593.360550 sending message 105 to peer 0x7fa1ac831000 (19 bytes)
1775611593.360558 sending message 105 to peer 0x7fa1ac831000 (20 bytes)
1775611593.360566 sending message 105 to peer 0x7fa1ac831000 (22 bytes)
1775611593.360573 sending message 105 to peer 0x7fa1ac831000 (20 bytes)
1775611593.360581 sending message 105 to peer 0x7fa1ac831000 (16 bytes)
1775611593.360589 sending message 105 to peer 0x7fa1ac831000 (57 bytes)
1775611593.360597 sending message 105 to peer 0x7fa1ac831000 (9 bytes)
1775611593.360605 sending message 105 to peer 0x7fa1ac831000 (19 bytes)
1775611593.360612 sending message 105 to peer 0x7fa1ac831000 (12 bytes)
1775611593.360621 sending message 105 to peer 0x7fa1ac831000 (54 bytes)
1775611593.360631 sending message 105 to peer 0x7fa1ac831000 (34 bytes)
1775611593.360639 sending message 105 to peer 0x7fa1ac831000 (61 bytes)
1775611593.360647 sending message 105 to peer 0x7fa1ac831000 (8 bytes)
1775611593.360655 sending message 105 to peer 0x7fa1ac831000 (18 bytes)
1775611593.360662 sending message 105 to peer 0x7fa1ac831000 (26 bytes)
1775611593.360670 sending message 105 to peer 0x7fa1ac831000 (11 bytes)
1775611593.360678 sending message 105 to peer 0x7fa1ac831000 (8 bytes)
1775611593.360686 sending message 105 to peer 0x7fa1ac831000 (21 bytes)
1775611593.360693 sending message 105 to peer 0x7fa1ac831000 (32 bytes)
1775611593.360701 sending message 105 to peer 0x7fa1ac831000 (30 bytes)
1775611593.360709 sending message 105 to peer 0x7fa1ac831000 (74 bytes)
1775611593.360717 sending message 105 to peer 0x7fa1ac831000 (33 bytes)
1775611593.360724 sending message 105 to peer 0x7fa1ac831000 (67 bytes)
1775611593.360732 sending message 105 to peer 0x7fa1ac831000 (55 bytes)
1775611593.360740 sending message 105 to peer 0x7fa1ac831000 (37 bytes)
1775611593.360748 sending message 105 to peer 0x7fa1ac831000 (34 bytes)
1775611593.360755 sending message 105 to peer 0x7fa1ac831000 (21 bytes)
1775611593.360763 sending message 105 to peer 0x7fa1ac831000 (27 bytes)
1775611593.360771 sending message 105 to peer 0x7fa1ac831000 (22 bytes)
1775611593.360778 sending message 106 to peer 0x7fa1ac831000 (0 bytes)
1775611593.360790 sending message 200 to peer 0x7fa1ac831000 (4 bytes)
1775611593.360798 client loop enter
1775611593.364074 peer 0x7fa1ac831000 message 207
1775611593.364123 sending message 208 to peer 0x7fa1ac831000 (0 bytes)
1775613566.131742 client loop exit
